src/app/sinais-ia/page.tsx(1291,61): error TS2322: Type 'unknown' is not assignable to type 'ReactNode'.
